[INFO] Scanning for projects...
[INFO] 
[INFO] --------------< com.smartschool:appium-mobile-automation >--------------
[INFO] Building SmartSchool Parent - Mobile Automation 1.0.0
[INFO]   from pom.xml
[INFO] --------------------------------[ jar ]---------------------------------
[INFO] 
[INFO] --- clean:3.2.0:clean (default-clean) @ appium-mobile-automation ---
[INFO] 
[INFO] --- resources:3.3.1:resources (default-resources) @ appium-mobile-automation ---
[INFO] skip non existing resourceDirectory C:\MobileAutomation\Smartschool_parent\src\main\resources
[INFO] 
[INFO] --- compiler:3.13.0:compile (default-compile) @ appium-mobile-automation ---
[INFO] No sources to compile
[INFO] 
[INFO] --- resources:3.3.1:testResources (default-testResources) @ appium-mobile-automation ---
[INFO] Copying 1 resource from src\test\resources to target\test-classes
[INFO] 
[INFO] --- compiler:3.13.0:testCompile (default-testCompile) @ appium-mobile-automation ---
[INFO] Recompiling the module because of changed source code.
[INFO] Compiling 28 source files with javac [debug target 11] to target\test-classes
[WARNING] system modules path not set in conjunction with -source 11
[INFO] 
[INFO] --- surefire:3.0.0:test (default-test) @ appium-mobile-automation ---
[INFO] Using auto detected provider org.apache.maven.surefire.testng.TestNGProvider
[INFO] 
[INFO] -------------------------------------------------------
[INFO]  T E S T S
[INFO] -------------------------------------------------------
[INFO] Running com.smartschool.tests.AndroidMarksTests
mvn : SLF4J: No SLF4J providers were found.
At line:1 char:1
+ mvn clean test -Dtest=AndroidMarksTests 2>&1 | tee test_output.log
+ ~~~~~~~~~~~~~~~~~~~~~~~~~~~~~~~~~~~~~~~~~~~~
    + CategoryInfo          : NotSpecified: (SLF4J: No SLF4J providers were fo 
   und.:String) [], RemoteException
    + FullyQualifiedErrorId : NativeCommandError
 
SLF4J: Defaulting to no-operation (NOP) logger implementation
SLF4J: See https://www.slf4j.org/codes.html#noProviders for further details.
ERROR StatusLogger Log4j2 could not find a logging implementation. Please add 
log4j-core to the classpath. Using SimpleLogger to log to the console...
? Login Successful - StudentID: MYST00636
? Marks card clicked

? TC01 - Marks Page Displayed: true
? TC01 PASSED - Marks page displayed with default exam

? TC02 - Selecting exam from dropdown...

================================================================================
? SELECTING EXAM: Half Yearly
================================================================================

? STEP 1: Click dropdown button to open exam list...

? ERROR: Expected condition failed: waiting for element to be clickable: By.xpath: //android.view.View[@content-desc='Select Exam']//android.widget.Button (tried for 30 second(s) with 500 milliseconds interval)
Build info: version: '4.13.0', revision: 'ba948ece5b*'
System info: os.name: 'Windows 11', os.arch: 'amd64', os.version: '10.0', java.version: '17.0.18'
Driver info: io.appium.java_client.android.AndroidDriver
Capabilities {appium:appActivity: com.vijayantech.MainActivity, appium:appPackage: com.vijayantech.smartschool..., appium:appWaitActivity: com.vijayantech.MainActivity, appium:appWaitDuration: 30000, appium:automationName: UiAutomator2, appium:databaseEnabled: false, appium:desired: {appActivity: com.vijayantech.MainActivity, appPackage: com.vijayantech.smartschool..., appWaitActivity: com.vijayantech.MainActivity, appWaitDuration: 30000, automationName: UiAutomator2, newCommandTimeout: 60, noReset: false, platformName: ANDROID}, appium:deviceApiLevel: 34, appium:deviceManufacturer: vivo, appium:deviceModel: V2168, appium:deviceName: 15930980480004Q, appium:deviceScreenDensity: 396, appium:deviceScreenSize: 1080x2400, appium:deviceUDID: 15930980480004Q, appium:javascriptEnabled: true, appium:locationContextEnabled: false, appium:networkConnectionEnabled: true, appium:newCommandTimeout: 60, appium:noReset: false, appium:pixelRatio: 2.475, appium:platformVersion: 14, appium:statBarHeight: 79, appium:takesScreenshot: true, appium:viewportRect: {height: 2321, left: 0, top: 79, width: 1080}, appium:warnings: {}, appium:webStorageEnabled: false, platformName: ANDROID}
Session ID: dbe71a7b-400f-4886-afc7-08049d1371c9
org.openqa.selenium.TimeoutException: Expected condition failed: waiting for 
element to be clickable: By.xpath: //android.view.View[@content-desc='Select 
Exam']//android.widget.Button (tried for 30 second(s) with 500 milliseconds 
interval)
Build info: version: '4.13.0', revision: 'ba948ece5b*'
System info: os.name: 'Windows 11', os.arch: 'amd64', os.version: '10.0', 
java.version: '17.0.18'
Driver info: io.appium.java_client.android.AndroidDriver
Capabilities {appium:appActivity: com.vijayantech.MainActivity, 
appium:appPackage: com.vijayantech.smartschool..., appium:appWaitActivity: 
com.vijayantech.MainActivity, appium:appWaitDuration: 30000, 
appium:automationName: UiAutomator2, appium:databaseEnabled: false, 
appium:desired: {appActivity: com.vijayantech.MainActivity, appPackage: 
com.vijayantech.smartschool..., appWaitActivity: com.vijayantech.MainActivity, 
appWaitDuration: 30000, automationName: UiAutomator2, newCommandTimeout: 60, 
noReset: false, platformName: ANDROID}, appium:deviceApiLevel: 34, 
appium:deviceManufacturer: vivo, appium:deviceModel: V2168, appium:deviceName: 
15930980480004Q, appium:deviceScreenDensity: 396, appium:deviceScreenSize: 
1080x2400, appium:deviceUDID: 15930980480004Q, appium:javascriptEnabled: true, 
appium:locationContextEnabled: false, appium:networkConnectionEnabled: true, 
appium:newCommandTimeout: 60, appium:noReset: false, appium:pixelRatio: 2.475, 
appium:platformVersion: 14, appium:statBarHeight: 79, appium:takesScreenshot: 
true, appium:viewportRect: {height: 2321, left: 0, top: 79, width: 1080}, 
appium:warnings: {}, appium:webStorageEnabled: false, platformName: ANDROID}
Session ID: dbe71a7b-400f-4886-afc7-08049d1371c9
	at org.openqa.selenium.support.ui.WebDriverWait.timeoutException(WebDriverWait
.java:84)
	at org.openqa.selenium.support.ui.FluentWait.until(FluentWait.java:230)
	at com.smartschool.pages.MarksPage.selectExamFromDropdown(MarksPage.java:54)
	at com.smartschool.tests.AndroidMarksTests.tc02_selectExamFromDropdown(Android
MarksTests.java:78)
	at java.base/jdk.internal.reflect.NativeMethodAccessorImpl.invoke0(Native 
Method)
	at java.base/jdk.internal.reflect.NativeMethodAccessorImpl.invoke(NativeMethod
AccessorImpl.java:77)
	at java.base/jdk.internal.reflect.DelegatingMethodAccessorImpl.invoke(Delegati
ngMethodAccessorImpl.java:43)
	at java.base/java.lang.reflect.Method.invoke(Method.java:569)
	at org.testng.internal.invokers.MethodInvocationHelper.invokeMethod(MethodInvo
cationHelper.java:139)
	at org.testng.internal.invokers.TestInvoker.invokeMethod(TestInvoker.java:677)
	at 
org.testng.internal.invokers.TestInvoker.invokeTestMethod(TestInvoker.java:221)
	at 
org.testng.internal.invokers.MethodRunner.runInSequence(MethodRunner.java:50)
	at org.testng.internal.invokers.TestInvoker$MethodInvocationAgent.invoke(TestI
nvoker.java:969)
	at org.testng.internal.invokers.TestInvoker.invokeTestMethods(TestInvoker.java
:194)
	at org.testng.internal.invokers.TestMethodWorker.invokeTestMethods(TestMethodW
orker.java:148)
	at 
org.testng.internal.invokers.TestMethodWorker.run(TestMethodWorker.java:128)
	at java.base/java.util.ArrayList.forEach(ArrayList.java:1511)
	at org.testng.TestRunner.privateRun(TestRunner.java:829)
	at org.testng.TestRunner.run(TestRunner.java:602)
	at org.testng.SuiteRunner.runTest(SuiteRunner.java:437)
	at org.testng.SuiteRunner.runSequentially(SuiteRunner.java:431)
	at org.testng.SuiteRunner.privateRun(SuiteRunner.java:391)
	at org.testng.SuiteRunner.run(SuiteRunner.java:330)
	at org.testng.SuiteRunnerWorker.runSuite(SuiteRunnerWorker.java:52)
	at org.testng.SuiteRunnerWorker.run(SuiteRunnerWorker.java:95)
	at org.testng.TestNG.runSuitesSequentially(TestNG.java:1256)
	at org.testng.TestNG.runSuitesLocally(TestNG.java:1176)
	at org.testng.TestNG.runSuites(TestNG.java:1099)
	at org.testng.TestNG.run(TestNG.java:1067)
	at 
org.apache.maven.surefire.testng.TestNGExecutor.run(TestNGExecutor.java:155)
	at org.apache.maven.surefire.testng.TestNGDirectoryTestSuite.executeSingleClas
s(TestNGDirectoryTestSuite.java:102)
	at org.apache.maven.surefire.testng.TestNGDirectoryTestSuite.execute(TestNGDir
ectoryTestSuite.java:91)
	at 
org.apache.maven.surefire.testng.TestNGProvider.invoke(TestNGProvider.java:137)
	at org.apache.maven.surefire.booter.ForkedBooter.runSuitesInProcess(ForkedBoot
er.java:385)
	at 
org.apache.maven.surefire.booter.ForkedBooter.execute(ForkedBooter.java:162)
	at org.apache.maven.surefire.booter.ForkedBooter.run(ForkedBooter.java:507)
	at org.apache.maven.surefire.booter.ForkedBooter.main(ForkedBooter.java:495)
? TC02 FAILED: Failed to select exam: Half Yearly
java.lang.RuntimeException: Failed to select exam: Half Yearly
	at com.smartschool.pages.MarksPage.selectExamFromDropdown(MarksPage.java:107)
	at com.smartschool.tests.AndroidMarksTests.tc02_selectExamFromDropdown(Android
MarksTests.java:78)
	at java.base/jdk.internal.reflect.NativeMethodAccessorImpl.invoke0(Native 
Method)
	at java.base/jdk.internal.reflect.NativeMethodAccessorImpl.invoke(NativeMethod
AccessorImpl.java:77)
	at java.base/jdk.internal.reflect.DelegatingMethodAccessorImpl.invoke(Delegati
ngMethodAccessorImpl.java:43)
	at java.base/java.lang.reflect.Method.invoke(Method.java:569)
	at org.testng.internal.invokers.MethodInvocationHelper.invokeMethod(MethodInvo
cationHelper.java:139)
	at org.testng.internal.invokers.TestInvoker.invokeMethod(TestInvoker.java:677)
	at 
org.testng.internal.invokers.TestInvoker.invokeTestMethod(TestInvoker.java:221)
	at 
org.testng.internal.invokers.MethodRunner.runInSequence(MethodRunner.java:50)
	at org.testng.internal.invokers.TestInvoker$MethodInvocationAgent.invoke(TestI
nvoker.java:969)
	at org.testng.internal.invokers.TestInvoker.invokeTestMethods(TestInvoker.java
:194)
	at org.testng.internal.invokers.TestMethodWorker.invokeTestMethods(TestMethodW
orker.java:148)
	at 
org.testng.internal.invokers.TestMethodWorker.run(TestMethodWorker.java:128)
	at java.base/java.util.ArrayList.forEach(ArrayList.java:1511)
	at org.testng.TestRunner.privateRun(TestRunner.java:829)
	at org.testng.TestRunner.run(TestRunner.java:602)
	at org.testng.SuiteRunner.runTest(SuiteRunner.java:437)
	at org.testng.SuiteRunner.runSequentially(SuiteRunner.java:431)
	at org.testng.SuiteRunner.privateRun(SuiteRunner.java:391)
	at org.testng.SuiteRunner.run(SuiteRunner.java:330)
	at org.testng.SuiteRunnerWorker.runSuite(SuiteRunnerWorker.java:52)
	at org.testng.SuiteRunnerWorker.run(SuiteRunnerWorker.java:95)
	at org.testng.TestNG.runSuitesSequentially(TestNG.java:1256)
	at org.testng.TestNG.runSuitesLocally(TestNG.java:1176)
	at org.testng.TestNG.runSuites(TestNG.java:1099)
	at org.testng.TestNG.run(TestNG.java:1067)
	at 
org.apache.maven.surefire.testng.TestNGExecutor.run(TestNGExecutor.java:155)
	at org.apache.maven.surefire.testng.TestNGDirectoryTestSuite.executeSingleClas
s(TestNGDirectoryTestSuite.java:102)
	at org.apache.maven.surefire.testng.TestNGDirectoryTestSuite.execute(TestNGDir
ectoryTestSuite.java:91)
	at 
org.apache.maven.surefire.testng.TestNGProvider.invoke(TestNGProvider.java:137)
	at org.apache.maven.surefire.booter.ForkedBooter.runSuitesInProcess(ForkedBoot
er.java:385)
	at 
org.apache.maven.surefire.booter.ForkedBooter.execute(ForkedBooter.java:162)
	at org.apache.maven.surefire.booter.ForkedBooter.run(ForkedBooter.java:507)
	at org.apache.maven.surefire.booter.ForkedBooter.main(ForkedBooter.java:495)
Caused by: org.openqa.selenium.TimeoutException: Expected condition failed: 
waiting for element to be clickable: By.xpath: 
//android.view.View[@content-desc='Select Exam']//android.widget.Button (tried 
for 30 second(s) with 500 milliseconds interval)
Build info: version: '4.13.0', revision: 'ba948ece5b*'
System info: os.name: 'Windows 11', os.arch: 'amd64', os.version: '10.0', 
java.version: '17.0.18'
Driver info: io.appium.java_client.android.AndroidDriver
Capabilities {appium:appActivity: com.vijayantech.MainActivity, 
appium:appPackage: com.vijayantech.smartschool..., appium:appWaitActivity: 
com.vijayantech.MainActivity, appium:appWaitDuration: 30000, 
appium:automationName: UiAutomator2, appium:databaseEnabled: false, 
appium:desired: {appActivity: com.vijayantech.MainActivity, appPackage: 
com.vijayantech.smartschool..., appWaitActivity: com.vijayantech.MainActivity, 
appWaitDuration: 30000, automationName: UiAutomator2, newCommandTimeout: 60, 
noReset: false, platformName: ANDROID}, appium:deviceApiLevel: 34, 
appium:deviceManufacturer: vivo, appium:deviceModel: V2168, appium:deviceName: 
15930980480004Q, appium:deviceScreenDensity: 396, appium:deviceScreenSize: 
1080x2400, appium:deviceUDID: 15930980480004Q, appium:javascriptEnabled: true, 
appium:locationContextEnabled: false, appium:networkConnectionEnabled: true, 
appium:newCommandTimeout: 60, appium:noReset: false, appium:pixelRatio: 2.475, 
appium:platformVersion: 14, appium:statBarHeight: 79, appium:takesScreenshot: 
true, appium:viewportRect: {height: 2321, left: 0, top: 79, width: 1080}, 
appium:warnings: {}, appium:webStorageEnabled: false, platformName: ANDROID}
Session ID: dbe71a7b-400f-4886-afc7-08049d1371c9
	at org.openqa.selenium.support.ui.WebDriverWait.timeoutException(WebDriverWait
.java:84)
	at org.openqa.selenium.support.ui.FluentWait.until(FluentWait.java:230)
	at com.smartschool.pages.MarksPage.selectExamFromDropdown(MarksPage.java:54)
	... 34 more
? Driver closed
[ERROR] Tests run: 2, Failures: 1, Errors: 0, Skipped: 0, Time elapsed: 60.245 s <<< FAILURE! - in com.smartschool.tests.AndroidMarksTests
[ERROR] com.smartschool.tests.AndroidMarksTests.tc02_selectExamFromDropdown  Time elapsed: 30.851 s  <<< FAILURE!
java.lang.AssertionError: TC02 failed: Failed to select exam: Half Yearly
	at org.testng.Assert.fail(Assert.java:110)
	at com.smartschool.tests.AndroidMarksTests.tc02_selectExamFromDropdown(AndroidMarksTests.java:92)
	at java.base/jdk.internal.reflect.NativeMethodAccessorImpl.invoke0(Native Method)
	at java.base/jdk.internal.reflect.NativeMethodAccessorImpl.invoke(NativeMethodAccessorImpl.java:77)
	at java.base/jdk.internal.reflect.DelegatingMethodAccessorImpl.invoke(DelegatingMethodAccessorImpl.java:43)
	at java.base/java.lang.reflect.Method.invoke(Method.java:569)
	at org.testng.internal.invokers.MethodInvocationHelper.invokeMethod(MethodInvocationHelper.java:139)
	at org.testng.internal.invokers.TestInvoker.invokeMethod(TestInvoker.java:677)
	at org.testng.internal.invokers.TestInvoker.invokeTestMethod(TestInvoker.java:221)
	at org.testng.internal.invokers.MethodRunner.runInSequence(MethodRunner.java:50)
	at org.testng.internal.invokers.TestInvoker$MethodInvocationAgent.invoke(TestInvoker.java:969)
	at org.testng.internal.invokers.TestInvoker.invokeTestMethods(TestInvoker.java:194)
	at org.testng.internal.invokers.TestMethodWorker.invokeTestMethods(TestMethodWorker.java:148)
	at org.testng.internal.invokers.TestMethodWorker.run(TestMethodWorker.java:128)
	at java.base/java.util.ArrayList.forEach(ArrayList.java:1511)
	at org.testng.TestRunner.privateRun(TestRunner.java:829)
	at org.testng.TestRunner.run(TestRunner.java:602)
	at org.testng.SuiteRunner.runTest(SuiteRunner.java:437)
	at org.testng.SuiteRunner.runSequentially(SuiteRunner.java:431)
	at org.testng.SuiteRunner.privateRun(SuiteRunner.java:391)
	at org.testng.SuiteRunner.run(SuiteRunner.java:330)
	at org.testng.SuiteRunnerWorker.runSuite(SuiteRunnerWorker.java:52)
	at org.testng.SuiteRunnerWorker.run(SuiteRunnerWorker.java:95)
	at org.testng.TestNG.runSuitesSequentially(TestNG.java:1256)
	at org.testng.TestNG.runSuitesLocally(TestNG.java:1176)
	at org.testng.TestNG.runSuites(TestNG.java:1099)
	at org.testng.TestNG.run(TestNG.java:1067)
	at org.apache.maven.surefire.testng.TestNGExecutor.run(TestNGExecutor.java:155)
	at org.apache.maven.surefire.testng.TestNGDirectoryTestSuite.executeSingleClass(TestNGDirectoryTestSuite.java:102)
	at org.apache.maven.surefire.testng.TestNGDirectoryTestSuite.execute(TestNGDirectoryTestSuite.java:91)
	at org.apache.maven.surefire.testng.TestNGProvider.invoke(TestNGProvider.java:137)
	at org.apache.maven.surefire.booter.ForkedBooter.runSuitesInProcess(ForkedBooter.java:385)
	at org.apache.maven.surefire.booter.ForkedBooter.execute(ForkedBooter.java:162)
	at org.apache.maven.surefire.booter.ForkedBooter.run(ForkedBooter.java:507)
	at org.apache.maven.surefire.booter.ForkedBooter.main(ForkedBooter.java:495)

[INFO] 
[INFO] Results:
[INFO] 
[ERROR] Failures: 
[ERROR]   AndroidMarksTests.tc02_selectExamFromDropdown:92 TC02 failed: Failed to select exam: Half Yearly
[INFO] 
[ERROR] Tests run: 2, Failures: 1, Errors: 0, Skipped: 0
[INFO] 
[INFO] ------------------------------------------------------------------------
[INFO] BUILD FAILURE
[INFO] ------------------------------------------------------------------------
[INFO] Total time:  01:06 min
[INFO] Finished at: 2026-04-09T23:35:28+05:30
[INFO] ------------------------------------------------------------------------
[ERROR] Failed to execute goal org.apache.maven.plugins:maven-surefire-plugin:3.0.0:test (default-test) on project appium-mobile-automation: There are test failures.
[ERROR] 
[ERROR] Please refer to C:\MobileAutomation\Smartschool_parent\target\surefire-reports for the individual test results.
[ERROR] Please refer to dump files (if any exist) [date].dump, [date]-jvmRun[N].dump and [date].dumpstream.
[ERROR] -> [Help 1]
[ERROR] 
[ERROR] To see the full stack trace of the errors, re-run Maven with the -e switch.
[ERROR] Re-run Maven using the -X switch to enable full debug logging.
[ERROR] 
[ERROR] For more information about the errors and possible solutions, please read the following articles:
[ERROR] [Help 1] http://cwiki.apache.org/confluence/display/MAVEN/MojoFailureException
